Loading SLM: Qwen/Qwen2.5-0.5B-Instruct onto mps...
